// Jest Snapshot v1, https://goo.gl/fbAQLP

exports[`App component should render without crashing 1`] = `
<styled.div>
  <GlobalStyleComponent />
  <styled.div>
    <div>
      <div>
        <Header
          state={
            Object {
              "avgRating": "",
              "cleaningFee": "",
              "lastUpdated": "",
              "nightlyPrice": "",
              "pastWeekViews": "",
              "reviewCount": "",
              "serviceFee": "",
            }
          }
        />
        <styled.hr />
        <Book
          state={
            Object {
              "avgRating": "",
              "cleaningFee": "",
              "lastUpdated": "",
              "nightlyPrice": "",
              "pastWeekViews": "",
              "reviewCount": "",
              "serviceFee": "",
            }
          }
        />
      </div>
    </div>
    <div />
  </styled.div>
  <styled.div>
    <Styled(styled.button)>
      <i
        className="far fa-flag"
      />
      <span>
         Report this listing
      </span>
    </Styled(styled.button)>
  </styled.div>
</styled.div>
`;

exports[`PriceSummary component should render in the correct format 1`] = `
<styled.div>
  <styled.div>
    <div>
      <span>
        $
         x 
        1
         night
      </span>
    </div>
    <div>
      <span>
        $
      </span>
    </div>
  </styled.div>
  <styled.hr />
  <styled.div>
    <div>
      <span>
        Cleaning fee
      </span>
      <Styled(styled.button)>
        <i
          className="far fa-question-circle"
        />
      </Styled(styled.button)>
    </div>
    <div>
      <span>
        $
      </span>
    </div>
  </styled.div>
  <styled.hr />
  <styled.div>
    <div>
      <span
        className="service-fee"
      >
        Service fee
      </span>
      <Styled(styled.button)>
        <i
          className="far fa-question-circle"
        />
      </Styled(styled.button)>
    </div>
    <div>
      <span>
        $
      </span>
    </div>
  </styled.div>
  <styled.hr />
  <styled.div
    style={
      Object {
        "fontWeight": "500",
      }
    }
  >
    <div>
      <span
        className="total"
      >
        Total
      </span>
    </div>
    <div>
      <span>
        $
        NaN
      </span>
    </div>
  </styled.div>
</styled.div>
`;
